// Jest Snapshot v1, https://goo.gl/fbAQLP

exports[`<ModalForm /> renders  correctly 1`] = `
<View
  style={
    {
      "backgroundColor": "#f8f8f8",
      "borderRadius": 20,
      "height": "70%",
      "margin": 10,
      "padding": 20,
      "shadowColor": "rgba(0, 0, 0, 0.1)",
      "shadowOffset": {
        "height": 2,
        "width": 0,
      },
      "shadowOpacity": 1,
      "shadowRadius": 8,
    }
  }
>
  <View
    accessibilityState={
      {
        "busy": undefined,
        "checked": undefined,
        "disabled": undefined,
        "expanded": undefined,
        "selected": undefined,
      }
    }
    accessibilityValue={
      {
        "max": undefined,
        "min": undefined,
        "now": undefined,
        "text": undefined,
      }
    }
    accessible={true}
    collapsable={false}
    focusable={true}
    onClick={[Function]}
    onResponderGrant={[Function]}
    onResponderMove={[Function]}
    onResponderRelease={[Function]}
    onResponderTerminate={[Function]}
    onResponderTerminationRequest={[Function]}
    onStartShouldSetResponder={[Function]}
    style={
      {
        "alignItems": "center",
        "backgroundColor": "#FFF",
        "borderColor": "#ddd",
        "borderRadius": 10,
        "borderWidth": 1,
        "flex": 3,
        "flexDirection": "row-reverse",
        "height": 50,
        "justifyContent": "space-between",
        "margin": 3,
        "opacity": 1,
        "overflow": "hidden",
        "paddingHorizontal": 8,
        "paddingLeft": 10,
        "width": "100%",
      }
    }
  >
    <Text
      allowFontScaling={false}
      selectable={false}
      style={
        [
          {
            "color": "#444",
            "fontSize": 18,
          },
          undefined,
          {
            "fontFamily": "FontAwesome",
            "fontStyle": "normal",
            "fontWeight": "normal",
          },
          {},
        ]
      }
    >
      
    </Text>
    <Text
      allowFontScaling={false}
      numberOfLines={1}
      style={
        {
          "color": "#555",
          "flex": 1,
          "fontFamily": "Rubik_300Light",
          "fontSize": 16,
          "marginHorizontal": 8,
          "textAlign": "left",
        }
      }
    >
      Select event type
    </Text>
  </View>
  <View
    accessibilityState={
      {
        "busy": undefined,
        "checked": undefined,
        "disabled": undefined,
        "expanded": undefined,
        "selected": undefined,
      }
    }
    accessibilityValue={
      {
        "max": undefined,
        "min": undefined,
        "now": undefined,
        "text": undefined,
      }
    }
    accessible={true}
    collapsable={false}
    focusable={true}
    onClick={[Function]}
    onResponderGrant={[Function]}
    onResponderMove={[Function]}
    onResponderRelease={[Function]}
    onResponderTerminate={[Function]}
    onResponderTerminationRequest={[Function]}
    onStartShouldSetResponder={[Function]}
    style={
      {
        "alignItems": "center",
        "backgroundColor": "#FFF",
        "borderColor": "#ddd",
        "borderRadius": 10,
        "borderWidth": 1,
        "flex": 3,
        "flexDirection": "row-reverse",
        "height": 50,
        "justifyContent": "space-between",
        "margin": 3,
        "opacity": 1,
        "overflow": "hidden",
        "paddingHorizontal": 8,
        "paddingLeft": 10,
        "width": "100%",
      }
    }
  >
    <Text
      allowFontScaling={false}
      selectable={false}
      style={
        [
          {
            "color": "#444",
            "fontSize": 18,
          },
          undefined,
          {
            "fontFamily": "FontAwesome",
            "fontStyle": "normal",
            "fontWeight": "normal",
          },
          {},
        ]
      }
    >
      
    </Text>
    <Text
      allowFontScaling={false}
      numberOfLines={1}
      style={
        {
          "color": "#555",
          "flex": 1,
          "fontFamily": "Rubik_300Light",
          "fontSize": 16,
          "marginHorizontal": 8,
          "textAlign": "left",
        }
      }
    >
      When?
    </Text>
  </View>
  <View
    accessibilityState={
      {
        "busy": undefined,
        "checked": undefined,
        "disabled": undefined,
        "expanded": undefined,
        "selected": undefined,
      }
    }
    accessibilityValue={
      {
        "max": undefined,
        "min": undefined,
        "now": undefined,
        "text": undefined,
      }
    }
    accessible={true}
    collapsable={false}
    focusable={true}
    onClick={[Function]}
    onResponderGrant={[Function]}
    onResponderMove={[Function]}
    onResponderRelease={[Function]}
    onResponderTerminate={[Function]}
    onResponderTerminationRequest={[Function]}
    onStartShouldSetResponder={[Function]}
    style={
      {
        "alignItems": "center",
        "backgroundColor": "#0C5A1E",
        "borderRadius": 10,
        "flex": 4,
        "justifyContent": "center",
        "margin": 3,
        "opacity": 1,
        "padding": 10,
        "width": "100%",
      }
    }
  >
    <Text
      style={
        {
          "color": "#F2FAF6",
          "fontFamily": "Rubik_600SemiBold",
          "fontSize": 30,
          "fontWeight": "600",
        }
      }
    >
      Submit
    </Text>
  </View>
</View>
`;
