// Jest Snapshot v1, https://goo.gl/fbAQLP

exports[`<Spinner /> renders  correctly 1`] = `
<View
  style={
    [
      {
        "flex": 1,
        "justifyContent": "center",
      },
      {
        "flexDirection": "row",
        "justifyContent": "space-around",
        "padding": 10,
      },
    ]
  }
>
  <ActivityIndicator
    color="##0C5A1E"
    size="large"
  />
</View>
`;
